// Jest Snapshot v1, https://goo.gl/fbAQLP

exports[`BlogPostDetailsFragment component should render correctly 1`] = `
<body>
  <div>
    <div
      class="ant-row ant-row-center ant-row-top css-dev-only-do-not-override-w8mnev"
      style="margin-top: 2rem; margin-bottom: 2rem;"
      type="flex"
    >
      <div
        class="ant-col css-dev-only-do-not-override-w8mnev"
      >
        <div
          class="ant-typography css-dev-only-do-not-override-w8mnev"
          style="text-align: justify; word-break: break-all;"
        >
          <div>
            <p>
              Text
            </p>
          </div>
        </div>
        <div
          class="ant-typography css-dev-only-do-not-override-w8mnev"
        >
          <img
            src="image-url"
            style="max-height: 768px;"
            width="100%"
          />
        </div>
      </div>
    </div>
  </div>
</body>
`;

exports[`BlogPostDetailsFragment component should render correctly if error 1`] = `
<body>
  <div>
    <p>
      Articolul nu a fost gÄƒsit
    </p>
  </div>
</body>
`;
